# Autogenerated by devbox. Do not modify manually.
# ConfigVersion: 0.0.1

Host proxy.synopkg.github.io/devbox
	StrictHostKeyChecking no
	UserKnownHostsFile "$HOME/.config/devbox/ssh/known_hosts"

Host gateway.synopkg.github.io/devbox gateway.dev.synopkg.github.io/devbox
	HostKeyAlgorithms ssh-ed25519
	StrictHostKeyChecking yes
	UserKnownHostsFile "$HOME/.config/devbox/ssh/known_hosts"

Host *.devbox-vms.internal
	Port 2222
	ProxyJump proxy@proxy.synopkg.github.io/devbox
	IdentityFile "$HOME/.config/devbox/ssh/keys/%h"
	PreferredAuthentications publickey
	StrictHostKeyChecking no
	UserKnownHostsFile "$HOME/.config/devbox/ssh/known_hosts"
	ServerAliveInterval 50
	ServerAliveCountMax 3
	ControlMaster auto
	ControlPath "$HOME/.config/devbox/ssh/sockets/%h"
	ControlPersist 300

Host gateway.devbox-debug 127.0.0.1
	Hostname 127.0.0.1
	Port 2222
	StrictHostKeyChecking no
	UserKnownHostsFile "$HOME/.config/devbox/ssh/known_hosts_debug"
